2026-06-08 08:48:15 - === НОВЫЙ РАСЧЁТ ===
2026-06-08 08:52:08 - === НОВЫЙ РАСЧЁТ ===
2026-06-08 08:52:51 - Покупки: [ce:200.00\u20bd, ку:3232.00\u20bd, ваа:2222.00\u20bd] | Кэшбэк: 125.23\u20bd | Лимит: 333.00\u20bd | Остаток: 207.77\u20bd
2026-06-08 09:35:03 - === НОВЫЙ РАСЧЁТ ===
2026-06-08 09:36:04 - Покупки: [супермаркеты:5400.00\u20bd] | Кэшбэк: 54.00\u20bd | Лимит: 6000.00\u20bd | Остаток: 5946.00\u20bd
2026-06-08 09:36:20 - === НОВЫЙ РАСЧЁТ ===
2026-06-08 09:37:04 - Покупки: [супермаркеты:6500.00\u20bd, услуги:4000.00\u20bd] | Кэшбэк: 410.00\u20bd | Лимит: 10000.00\u20bd | Остаток: 9590.00\u20bd
2026-06-08 10:11:22 - === НОВЫЙ РАСЧЁТ ===
2026-06-08 10:11:32 - ОШИБКА: EOF when reading a line
2026-06-08 10:14:13 - === НОВЫЙ РАСЧЁТ ===
2026-06-08 10:15:34 - === НОВЫЙ РАСЧЁТ ===
2026-06-08 10:25:42 - === НОВЫЙ РАСЧЁТ ===
2026-06-08 10:27:51 - === НОВЫЙ РАСЧЁТ ===
2026-06-08 10:27:51 - Покупки: [аптеки:1000.00\u20bd] | Кэшбэк: 50.00\u20bd | Лимит: 3000.00\u20bd | Остаток: 2950.00\u20bd
2026-06-08 10:30:21 - === НОВЫЙ РАСЧЁТ ===
2026-06-08 10:30:21 - Покупки: [аптеки:1000.00\u20bd, транспорт:1000.00\u20bd] | Кэшбэк: 70.00\u20bd | Лимит: 3000.00\u20bd | Остаток: 2930.00\u20bd
2026-06-08 10:34:11 - === НОВЫЙ РАСЧЁТ ===
2026-06-08 10:34:11 - Покупки: [одежда:2500.00\u20bd] | Кэшбэк: 137.50\u20bd | Лимит: 3000.00\u20bd | Остаток: 2862.50\u20bd
2026-06-08 10:34:48 - === НОВЫЙ РАСЧЁТ ===
2026-06-08 10:34:48 - Покупки: [одежда:2500.00\u20bd] | Кэшбэк: 137.50\u20bd | Лимит: 3000.00\u20bd | Остаток: 2862.50\u20bd
2026-06-08 10:34:49 - === НОВЫЙ РАСЧЁТ ===
2026-06-08 10:34:49 - Покупки: [одежда:2500.00\u20bd] | Кэшбэк: 137.50\u20bd | Лимит: 3000.00\u20bd | Остаток: 2862.50\u20bd
2026-06-08 10:35:20 - === НОВЫЙ РАСЧЁТ ===
2026-06-08 10:35:20 - Покупки: [о\:1000.00\u20bd] | Кэшбэк: 5.00\u20bd | Лимит: 3000.00\u20bd | Остаток: 2995.00\u20bd
